// Jest Snapshot v1, https://goo.gl/fbAQLP

exports[`<ActivityDay /> shows a star for each log in logCount 1`] = `
ShallowWrapper {
  "length": 1,
  Symbol(enzyme.__root__): [Circular],
  Symbol(enzyme.__unrendered__): <ActivityDay
    activityId="1"
    createLog={[MockFunction]}
    day={2018-03-25T05:00:00.000Z}
    logsForDay={
      Array [
        Object {
          "_id": "1",
          "activityId": "1",
          "name": "Brush teeth",
          "occurredAt": 2018-03-25T05:00:00.000Z,
          "value": 1,
        },
        Object {
          "_id": "2",
          "activityId": "1",
          "name": "Brush teeth",
          "occurredAt": 2018-03-25T05:00:00.000Z,
          "value": 1,
        },
        Object {
          "_id": "3",
          "activityId": "2",
          "name": "Taekwondo",
          "occurredAt": 2018-03-28T05:00:00.000Z,
          "value": 2,
        },
        Object {
          "_id": "4",
          "activityId": "3",
          "name": "Clean room",
          "occurredAt": 2018-03-27T05:00:00.000Z,
          "value": 3,
        },
      ]
    }
  />,
  Symbol(enzyme.__renderer__): Object {
    "batchedUpdates": [Function],
    "getNode": [Function],
    "render": [Function],
    "simulateEvent": [Function],
    "unmount": [Function],
  },
  Symbol(enzyme.__node__): Object {
    "instance": null,
    "key": undefined,
    "nodeType": "host",
    "props": Object {
      "children": Array [],
      "className": "activity-day routinely--ActivityDayCol-0",
      "onClick": [Function],
    },
    "ref": null,
    "rendered": Array [],
    "type": "td",
  },
  Symbol(enzyme.__nodes__): Array [
    Object {
      "instance": null,
      "key": undefined,
      "nodeType": "host",
      "props": Object {
        "children": Array [],
        "className": "activity-day routinely--ActivityDayCol-0",
        "onClick": [Function],
      },
      "ref": null,
      "rendered": Array [],
      "type": "td",
    },
  ],
  Symbol(enzyme.__options__): Object {
    "adapter": ReactSixteenAdapter {
      "options": Object {
        "enableComponentDidUpdateOnSetState": true,
      },
    },
  },
}
`;
