// Jest Snapshot v1, https://goo.gl/fbAQLP

exports[`<ActivityRow /> renders successfully 1`] = `
<tr
  className="ActivityRow"
  key="1"
>
  <td>
    Brush teeth
  </td>
  <ActivityDay
    activityId={1}
    day={2018-05-06T05:00:00.000Z}
    key="1525582800000"
    logsForDay={
      Array [
        Object {
          "activityId": 1,
          "id": 1,
          "name": "Brush teeth",
          "occurredAt": 2018-05-06T05:00:00.000Z,
          "value": 1,
        },
        Object {
          "activityId": 1,
          "id": 2,
          "name": "Brush teeth",
          "occurredAt": 2018-05-06T05:00:00.000Z,
          "value": 1,
        },
      ]
    }
  />
  <ActivityDay
    activityId={1}
    day={2018-05-07T05:00:00.000Z}
    key="1525669200000"
    logsForDay={Array []}
  />
  <ActivityDay
    activityId={1}
    day={2018-05-08T05:00:00.000Z}
    key="1525755600000"
    logsForDay={Array []}
  />
  <ActivityDay
    activityId={1}
    day={2018-05-09T05:00:00.000Z}
    key="1525842000000"
    logsForDay={Array []}
  />
  <ActivityDay
    activityId={1}
    day={2018-05-10T05:00:00.000Z}
    key="1525928400000"
    logsForDay={Array []}
  />
  <ActivityDay
    activityId={1}
    day={2018-05-11T05:00:00.000Z}
    key="1526014800000"
    logsForDay={Array []}
  />
  <ActivityDay
    activityId={1}
    day={2018-05-12T05:00:00.000Z}
    key="1526101200000"
    logsForDay={Array []}
  />
</tr>
`;
