// Jest Snapshot v1, https://goo.gl/fbAQLP

exports[`<ActivityRow /> renders successfully 1`] = `
<tr
  className="ActivityRow"
  key="1"
>
  <td
    className="activity-name"
    onClick={[Function]}
  >
    Brush teeth
  </td>
  <ActivityDay
    activityId="1"
    createLog={[MockFunction]}
    day={2018-03-25T12:00:00.000Z}
    key="1521979200000"
    logsForDay={Array []}
  />
  <ActivityDay
    activityId="1"
    createLog={[MockFunction]}
    day={2018-03-26T12:00:00.000Z}
    key="1522065600000"
    logsForDay={Array []}
  />
  <ActivityDay
    activityId="1"
    createLog={[MockFunction]}
    day={2018-03-27T12:00:00.000Z}
    key="1522152000000"
    logsForDay={Array []}
  />
  <ActivityDay
    activityId="1"
    createLog={[MockFunction]}
    day={2018-03-28T12:00:00.000Z}
    key="1522238400000"
    logsForDay={Array []}
  />
  <ActivityDay
    activityId="1"
    createLog={[MockFunction]}
    day={2018-03-29T12:00:00.000Z}
    key="1522324800000"
    logsForDay={Array []}
  />
  <ActivityDay
    activityId="1"
    createLog={[MockFunction]}
    day={2018-03-30T12:00:00.000Z}
    key="1522411200000"
    logsForDay={Array []}
  />
  <ActivityDay
    activityId="1"
    createLog={[MockFunction]}
    day={2018-03-31T12:00:00.000Z}
    key="1522497600000"
    logsForDay={Array []}
  />
</tr>
`;
