// Jest Snapshot v1, https://goo.gl/fbAQLP

exports[`<WeekTable /> should render correctly 1`] = `
<table
  className="table table-bordered WeekTable"
>
  <WeekTableHead
    startOfWeek={2018-03-25T05:00:00.000Z}
  />
  <tbody>
    <ActivityRow
      activity={
        Object {
          "_id": "1",
          "name": "Brush teeth",
          "value": 1,
        }
      }
      key="1"
      logsForActivity={
        Array [
          Object {
            "_id": "1",
            "activityId": "1",
            "name": "Brush teeth",
            "occurredAt": 2018-03-25T05:00:00.000Z,
            "value": 1,
          },
          Object {
            "_id": "2",
            "activityId": "1",
            "name": "Brush teeth",
            "occurredAt": 2018-03-25T05:00:00.000Z,
            "value": 1,
          },
        ]
      }
      weekDays={
        Array [
          2018-03-25T12:00:00.000Z,
          2018-03-26T12:00:00.000Z,
          2018-03-27T12:00:00.000Z,
          2018-03-28T12:00:00.000Z,
          2018-03-29T12:00:00.000Z,
          2018-03-30T12:00:00.000Z,
          2018-03-31T12:00:00.000Z,
        ]
      }
    />
    <ActivityRow
      activity={
        Object {
          "_id": "2",
          "name": "Taekwondo",
          "value": 2,
        }
      }
      key="2"
      logsForActivity={
        Array [
          Object {
            "_id": "3",
            "activityId": "2",
            "name": "Taekwondo",
            "occurredAt": 2018-03-28T05:00:00.000Z,
            "value": 2,
          },
        ]
      }
      weekDays={
        Array [
          2018-03-25T12:00:00.000Z,
          2018-03-26T12:00:00.000Z,
          2018-03-27T12:00:00.000Z,
          2018-03-28T12:00:00.000Z,
          2018-03-29T12:00:00.000Z,
          2018-03-30T12:00:00.000Z,
          2018-03-31T12:00:00.000Z,
        ]
      }
    />
    <ActivityRow
      activity={
        Object {
          "_id": "3",
          "name": "Clean room",
          "value": 3,
        }
      }
      key="3"
      logsForActivity={
        Array [
          Object {
            "_id": "4",
            "activityId": "3",
            "name": "Clean room",
            "occurredAt": 2018-03-27T05:00:00.000Z,
            "value": 3,
          },
        ]
      }
      weekDays={
        Array [
          2018-03-25T12:00:00.000Z,
          2018-03-26T12:00:00.000Z,
          2018-03-27T12:00:00.000Z,
          2018-03-28T12:00:00.000Z,
          2018-03-29T12:00:00.000Z,
          2018-03-30T12:00:00.000Z,
          2018-03-31T12:00:00.000Z,
        ]
      }
    />
  </tbody>
</table>
`;
